Chrom	Start	End	Name	Gain	Loss	Cons
chr1	1	40	HAMER001	3	2	0
chr1	60	94	HAMER002	3	3	0
chr14	1	30	HAMER003	3	1	1
chr14	52	82	HAMER004	2	2	0
chr14	86	96	HAMER005	1	2	1
