chr1	1	10	species1_gap	chr1	1	15	species2_gap	-2516	[{2 0} {1 1} {6 0} {4 1} {1 0}]
chr1	20	30	species1_gap	chr1	20	30	species2_gap	-2038	[{10 0}]
chr1	40	700	species1_gap	chr1	35	1300	species2_gap	-167774	[{1 0} {12 1} {10 0} {75 1} {5 0} {11 1} {5 0} {31 1} {6 0} {3 1} {9 0} {17 1} {23 0} {4 1} {3 0} {6 1} {5 0} {9 1} {4 0} {6 1} {4 0} {15 1} {3 0} {15 1} {5 0} {16 1} {4 0} {21 1} {19 0} {10 1} {4 0} {13 1} {4 0} {15 1} {17 0} {8 1} {10 0} {13 1} {31 0} {7 1} {6 0} {7 1} {12 0} {19 1} {8 0} {10 1} {2 0} {5 1} {19 0} {3 1} {7 0} {6 1} {21 0} {9 1} {17 0} {4 1} {8 0} {5 1} {6 0} {19 1} {13 0} {8 1} {4 0} {27 1} {10 0} {12 1} {16 0} {10 1} {7 0} {41 1} {9 0} {5 1} {24 0} {3 1} {23 0} {5 1} {25 0} {25 1} {24 0} {1 1} {17 0} {24 1} {2 0} {12 1} {21 0} {1 2} {25 0} {8 1} {9 0} {9 1} {12 0} {1 1} {6 0} {8 1} {14 0} {2 2} {17 0} {4 1} {21 0} {2 1} {11 0} {1 2} {27 0} {1 1} {2 0} {4 1} {9 0} {1 1} {10 0} {1 2} {13 0} {5 1} {6 0}]
chr2	1	5	species1_gap	chr2	1	8	species2_gap	-1806	[{1 0} {3 1} {3 0}]
chr2	35	550	species1_gap	chr2	20	850	species2_gap	1650	[{1 1} {515 0}]
